  Determining projects to restore...
C:\Users\adars\OneDrive\Desktop\Agriculture\Agriculture.csproj : warning NU1903: Package 'SixLabors.ImageSharp' 3.1.4 has a known high severity vulnerability, https://github.com/advisories/GHSA-2cmq-823j-5qj8
C:\Users\adars\OneDrive\Desktop\Agriculture\Agriculture.csproj : warning NU1903: Package 'SixLabors.ImageSharp' 3.1.4 has a known high severity vulnerability, https://github.com/advisories/GHSA-63p8-c4ww-9cg7
C:\Users\adars\OneDrive\Desktop\Agriculture\Agriculture.csproj : warning NU1902: Package 'SixLabors.ImageSharp' 3.1.4 has a known moderate severity vulnerability, https://github.com/advisories/GHSA-qxrv-gp6x-rc23
C:\Users\adars\OneDrive\Desktop\Agriculture\Agriculture.csproj : warning NU1902: Package 'SixLabors.ImageSharp' 3.1.4 has a known moderate severity vulnerability, https://github.com/advisories/GHSA-rxmq-m78w-7wmc
  All projects are up-to-date for restore.
C:\Users\adars\OneDrive\Desktop\Agriculture\Agriculture.csproj : warning NU1903: Package 'SixLabors.ImageSharp' 3.1.4 has a known high severity vulnerability, https://github.com/advisories/GHSA-2cmq-823j-5qj8
C:\Users\adars\OneDrive\Desktop\Agriculture\Agriculture.csproj : warning NU1903: Package 'SixLabors.ImageSharp' 3.1.4 has a known high severity vulnerability, https://github.com/advisories/GHSA-63p8-c4ww-9cg7
C:\Users\adars\OneDrive\Desktop\Agriculture\Agriculture.csproj : warning NU1902: Package 'SixLabors.ImageSharp' 3.1.4 has a known moderate severity vulnerability, https://github.com/advisories/GHSA-qxrv-gp6x-rc23
C:\Users\adars\OneDrive\Desktop\Agriculture\Agriculture.csproj : warning NU1902: Package 'SixLabors.ImageSharp' 3.1.4 has a known moderate severity vulnerability, https://github.com/advisories/GHSA-rxmq-m78w-7wmc
C:\Users\adars\OneDrive\Desktop\Agriculture\Controllers\HomeController.cs(126,54): error CS1061: 'CropAnalysisViewModel' does not contain a definition for 'State' and no accessible extension method 'State' accepting a first argument of type 'CropAnalysisViewModel' could be found (are you missing a using directive or an assembly reference?) [C:\Users\adars\OneDrive\Desktop\Agriculture\Agriculture.csproj]
C:\Users\adars\OneDrive\Desktop\Agriculture\Controllers\HomeController.cs(127,21): error CS1061: 'CropAnalysisViewModel' does not contain a definition for 'Country' and no accessible extension method 'Country' accepting a first argument of type 'CropAnalysisViewModel' could be found (are you missing a using directive or an assembly reference?) [C:\Users\adars\OneDrive\Desktop\Agriculture\Agriculture.csproj]
C:\Users\adars\OneDrive\Desktop\Agriculture\Controllers\HomeController.cs(128,24): error CS1061: 'CropAnalysisViewModel' does not contain a definition for 'State' and no accessible extension method 'State' accepting a first argument of type 'CropAnalysisViewModel' could be found (are you missing a using directive or an assembly reference?) [C:\Users\adars\OneDrive\Desktop\Agriculture\Agriculture.csproj]
C:\Users\adars\OneDrive\Desktop\Agriculture\Controllers\HomeController.cs(128,39): error CS1061: 'CropAnalysisViewModel' does not contain a definition for 'Country' and no accessible extension method 'Country' accepting a first argument of type 'CropAnalysisViewModel' could be found (are you missing a using directive or an assembly reference?) [C:\Users\adars\OneDrive\Desktop\Agriculture\Agriculture.csproj]
C:\Users\adars\OneDrive\Desktop\Agriculture\Controllers\HomeController.cs(190,54): error CS1061: 'CropAnalysisViewModel' does not contain a definition for 'State' and no accessible extension method 'State' accepting a first argument of type 'CropAnalysisViewModel' could be found (are you missing a using directive or an assembly reference?) [C:\Users\adars\OneDrive\Desktop\Agriculture\Agriculture.csproj]
C:\Users\adars\OneDrive\Desktop\Agriculture\Controllers\HomeController.cs(191,21): error CS1061: 'CropAnalysisViewModel' does not contain a definition for 'Country' and no accessible extension method 'Country' accepting a first argument of type 'CropAnalysisViewModel' could be found (are you missing a using directive or an assembly reference?) [C:\Users\adars\OneDrive\Desktop\Agriculture\Agriculture.csproj]
C:\Users\adars\OneDrive\Desktop\Agriculture\Controllers\HomeController.cs(192,24): error CS1061: 'CropAnalysisViewModel' does not contain a definition for 'State' and no accessible extension method 'State' accepting a first argument of type 'CropAnalysisViewModel' could be found (are you missing a using directive or an assembly reference?) [C:\Users\adars\OneDrive\Desktop\Agriculture\Agriculture.csproj]
C:\Users\adars\OneDrive\Desktop\Agriculture\Controllers\HomeController.cs(192,39): error CS1061: 'CropAnalysisViewModel' does not contain a definition for 'Country' and no accessible extension method 'Country' accepting a first argument of type 'CropAnalysisViewModel' could be found (are you missing a using directive or an assembly reference?) [C:\Users\adars\OneDrive\Desktop\Agriculture\Agriculture.csproj]

Build FAILED.

C:\Users\adars\OneDrive\Desktop\Agriculture\Agriculture.csproj : warning NU1903: Package 'SixLabors.ImageSharp' 3.1.4 has a known high severity vulnerability, https://github.com/advisories/GHSA-2cmq-823j-5qj8
C:\Users\adars\OneDrive\Desktop\Agriculture\Agriculture.csproj : warning NU1903: Package 'SixLabors.ImageSharp' 3.1.4 has a known high severity vulnerability, https://github.com/advisories/GHSA-63p8-c4ww-9cg7
C:\Users\adars\OneDrive\Desktop\Agriculture\Agriculture.csproj : warning NU1902: Package 'SixLabors.ImageSharp' 3.1.4 has a known moderate severity vulnerability, https://github.com/advisories/GHSA-qxrv-gp6x-rc23
C:\Users\adars\OneDrive\Desktop\Agriculture\Agriculture.csproj : warning NU1902: Package 'SixLabors.ImageSharp' 3.1.4 has a known moderate severity vulnerability, https://github.com/advisories/GHSA-rxmq-m78w-7wmc
C:\Users\adars\OneDrive\Desktop\Agriculture\Agriculture.csproj : warning NU1903: Package 'SixLabors.ImageSharp' 3.1.4 has a known high severity vulnerability, https://github.com/advisories/GHSA-2cmq-823j-5qj8
C:\Users\adars\OneDrive\Desktop\Agriculture\Agriculture.csproj : warning NU1903: Package 'SixLabors.ImageSharp' 3.1.4 has a known high severity vulnerability, https://github.com/advisories/GHSA-63p8-c4ww-9cg7
C:\Users\adars\OneDrive\Desktop\Agriculture\Agriculture.csproj : warning NU1902: Package 'SixLabors.ImageSharp' 3.1.4 has a known moderate severity vulnerability, https://github.com/advisories/GHSA-qxrv-gp6x-rc23
C:\Users\adars\OneDrive\Desktop\Agriculture\Agriculture.csproj : warning NU1902: Package 'SixLabors.ImageSharp' 3.1.4 has a known moderate severity vulnerability, https://github.com/advisories/GHSA-rxmq-m78w-7wmc
C:\Users\adars\OneDrive\Desktop\Agriculture\Controllers\HomeController.cs(126,54): error CS1061: 'CropAnalysisViewModel' does not contain a definition for 'State' and no accessible extension method 'State' accepting a first argument of type 'CropAnalysisViewModel' could be found (are you missing a using directive or an assembly reference?) [C:\Users\adars\OneDrive\Desktop\Agriculture\Agriculture.csproj]
C:\Users\adars\OneDrive\Desktop\Agriculture\Controllers\HomeController.cs(127,21): error CS1061: 'CropAnalysisViewModel' does not contain a definition for 'Country' and no accessible extension method 'Country' accepting a first argument of type 'CropAnalysisViewModel' could be found (are you missing a using directive or an assembly reference?) [C:\Users\adars\OneDrive\Desktop\Agriculture\Agriculture.csproj]
C:\Users\adars\OneDrive\Desktop\Agriculture\Controllers\HomeController.cs(128,24): error CS1061: 'CropAnalysisViewModel' does not contain a definition for 'State' and no accessible extension method 'State' accepting a first argument of type 'CropAnalysisViewModel' could be found (are you missing a using directive or an assembly reference?) [C:\Users\adars\OneDrive\Desktop\Agriculture\Agriculture.csproj]
C:\Users\adars\OneDrive\Desktop\Agriculture\Controllers\HomeController.cs(128,39): error CS1061: 'CropAnalysisViewModel' does not contain a definition for 'Country' and no accessible extension method 'Country' accepting a first argument of type 'CropAnalysisViewModel' could be found (are you missing a using directive or an assembly reference?) [C:\Users\adars\OneDrive\Desktop\Agriculture\Agriculture.csproj]
C:\Users\adars\OneDrive\Desktop\Agriculture\Controllers\HomeController.cs(190,54): error CS1061: 'CropAnalysisViewModel' does not contain a definition for 'State' and no accessible extension method 'State' accepting a first argument of type 'CropAnalysisViewModel' could be found (are you missing a using directive or an assembly reference?) [C:\Users\adars\OneDrive\Desktop\Agriculture\Agriculture.csproj]
C:\Users\adars\OneDrive\Desktop\Agriculture\Controllers\HomeController.cs(191,21): error CS1061: 'CropAnalysisViewModel' does not contain a definition for 'Country' and no accessible extension method 'Country' accepting a first argument of type 'CropAnalysisViewModel' could be found (are you missing a using directive or an assembly reference?) [C:\Users\adars\OneDrive\Desktop\Agriculture\Agriculture.csproj]
C:\Users\adars\OneDrive\Desktop\Agriculture\Controllers\HomeController.cs(192,24): error CS1061: 'CropAnalysisViewModel' does not contain a definition for 'State' and no accessible extension method 'State' accepting a first argument of type 'CropAnalysisViewModel' could be found (are you missing a using directive or an assembly reference?) [C:\Users\adars\OneDrive\Desktop\Agriculture\Agriculture.csproj]
C:\Users\adars\OneDrive\Desktop\Agriculture\Controllers\HomeController.cs(192,39): error CS1061: 'CropAnalysisViewModel' does not contain a definition for 'Country' and no accessible extension method 'Country' accepting a first argument of type 'CropAnalysisViewModel' could be found (are you missing a using directive or an assembly reference?) [C:\Users\adars\OneDrive\Desktop\Agriculture\Agriculture.csproj]
    8 Warning(s)
    8 Error(s)

Time Elapsed 00:00:01.19
